#-----------------------------------------------------------
# Vivado v2023.2 (64-bit)
# SW Build 4029153 on Fri Oct 13 20:14:34 MDT 2023
# IP Build 4028589 on Sat Oct 14 00:45:43 MDT 2023
# SharedData Build 4025554 on Tue Oct 10 17:18:54 MDT 2023
# Start of session at: Mon Nov  6 05:13:40 2023
# Process ID: 1596
# Current directory: D:/Downloads/University/Courses/9 - Fall 2023/CSCE 3302 Computer Architecture Lab/Vivado Projects/CSCE3301 Project 1 MS1 v3/CSCE3301 Project 1 MS1 v3.runs/synth_1
# Command line: vivado.exe -log fullDatapath.vds -product Vivado -mode batch -messageDb vivado.pb -notrace -source fullDatapath.tcl
# Log file: D:/Downloads/University/Courses/9 - Fall 2023/CSCE 3302 Computer Architecture Lab/Vivado Projects/CSCE3301 Project 1 MS1 v3/CSCE3301 Project 1 MS1 v3.runs/synth_1/fullDatapath.vds
# Journal file: D:/Downloads/University/Courses/9 - Fall 2023/CSCE 3302 Computer Architecture Lab/Vivado Projects/CSCE3301 Project 1 MS1 v3/CSCE3301 Project 1 MS1 v3.runs/synth_1\vivado.jou
# Running On: Lenovo, OS: Windows, CPU Frequency: 2808 MHz, CPU Physical cores: 4, Host memory: 17066 MB
#-----------------------------------------------------------
source fullDatapath.tcl -notrace
